#-----------------------------------------------------------
# Vivado v2014.3.1 (64-bit)
# SW Build 1056140 on Thu Oct 30 17:03:40 MDT 2014
# IP Build 1028902 on Fri Sep 26 17:35:13 MDT 2014
# Start of session at: Tue Dec 15 14:08:53 2020
# Process ID: 7856
# Log file: C:/Users/remi_cellard/Vivado_Projects/fpga_chronometer/vivado.log
# Journal file: C:/Users/remi_cellard/Vivado_Projects/fpga_chronometer\vivado.jou
#-----------------------------------------------------------
start_gui
open_project C:/Users/remi_cellard/Vivado_Projects/fpga_chronometer/fpga_chronometer.xpr
remove_files C:/Users/remi_cellard/Vivado_Projects/fpga_chronometer/fpga_chronometer.srcs/sources_1/imports/chronometer/display.vhd
update_compile_order -fileset sources_1
update_compile_order -fileset sim_1
update_compile_order -fileset sources_1
remove_files C:/Users/remi_cellard/Vivado_Projects/fpga_chronometer/fpga_chronometer.srcs/sources_1/imports/chronometer/chronometer.vhd
update_compile_order -fileset sources_1
update_compile_order -fileset sources_1
update_compile_order -fileset sim_1
update_compile_order -fileset sources_1
remove_files C:/Users/remi_cellard/Vivado_Projects/fpga_chronometer/fpga_chronometer.srcs/sources_1/imports/chronometer/compteur_n.vhd
update_compile_order -fileset sources_1
update_compile_order -fileset sources_1
update_compile_order -fileset sim_1
update_compile_order -fileset sources_1
remove_files C:/Users/remi_cellard/Vivado_Projects/fpga_chronometer/fpga_chronometer.srcs/sources_1/imports/chronometer/hex2led.vhd
update_compile_order -fileset sources_1
update_compile_order -fileset sources_1
update_compile_order -fileset sim_1
remove_files C:/Users/remi_cellard/Vivado_Projects/fpga_chronometer/fpga_chronometer.srcs/sources_1/imports/chronometer/led_control.vhd
update_compile_order -fileset sources_1
update_compile_order -fileset sim_1
remove_files -fileset constrs_1 C:/Users/remi_cellard/Vivado_Projects/fpga_chronometer/fpga_chronometer.srcs/constrs_1/imports/chronometer/Basys3_Master.xdc
add_files -fileset constrs_1 -norecurse C:/Users/remi_cellard/Vivado_Projects/fpga_chronometer/Basys3_Master.xdc
add_files -norecurse {C:/Users/remi_cellard/Vivado_Projects/fpga_chronometer/display.vhd C:/Users/remi_cellard/Vivado_Projects/fpga_chronometer/hex2led.vhd C:/Users/remi_cellard/Vivado_Projects/fpga_chronometer/led_control.vhd C:/Users/remi_cellard/Vivado_Projects/fpga_chronometer/compteur_n.vhd C:/Users/remi_cellard/Vivado_Projects/fpga_chronometer/chronometer.vhd}
update_compile_order -fileset sources_1
update_compile_order -fileset sources_1
update_compile_order -fileset sim_1
set_property SOURCE_SET sources_1 [get_filesets sim_1]
add_files -fileset sim_1 -norecurse C:/Users/remi_cellard/Vivado_Projects/fpga_chronometer/tb_chronometer.vhd
update_compile_order -fileset sim_1
close_project
open_project C:/Users/remi_cellard/Vivado_Projects/chronometer/chronometer.xpr
remove_files -fileset constrs_1 C:/Users/remi_cellard/Vivado_Projects/chronometer/Basys3_Master.xdc
remove_files C:/Users/remi_cellard/Vivado_Projects/chronometer/display.vhd
update_compile_order -fileset sources_1
update_compile_order -fileset sources_1
remove_files C:/Users/remi_cellard/Vivado_Projects/chronometer/hex2led.vhd
remove_files C:/Users/remi_cellard/Vivado_Projects/chronometer/led_control.vhd
reset_run synth_2
launch_runs synth_2
wait_on_run synth_2
open_run synth_2 -name synth_2
reset_run synth_2
launch_runs synth_2
wait_on_run synth_2
close_design
open_run synth_2 -name synth_2
reset_run synth_2
launch_runs synth_2
wait_on_run synth_2
close_design
open_run synth_2 -name synth_2
reset_run synth_2
launch_runs synth_2
wait_on_run synth_2
reset_run synth_2
launch_runs synth_2
wait_on_run synth_2
reset_run synth_2
launch_runs synth_2
wait_on_run synth_2
close_design
open_run synth_2 -name synth_2
reset_run synth_2
launch_runs synth_2
wait_on_run synth_2
close_design
open_run synth_2 -name synth_2
reset_run synth_2
launch_runs synth_2
wait_on_run synth_2
reset_run synth_2
launch_runs synth_2
wait_on_run synth_2
close_design
open_run synth_2 -name synth_2
reset_run synth_2
launch_runs synth_2
wait_on_run synth_2
close_design
open_run synth_2 -name synth_2
update_compile_order -fileset sources_1
update_compile_order -fileset sources_1
reset_run synth_2
launch_runs synth_2
wait_on_run synth_2
update_compile_order -fileset sources_1
update_compile_order -fileset sources_1
reset_run synth_2
launch_runs synth_2
wait_on_run synth_2
reset_run synth_2
launch_runs synth_2
wait_on_run synth_2
close_design
open_run synth_2 -name synth_2
close_project
open_project C:/Users/remi_cellard/Vivado_Projects/fpga_chronometer/fpga_chronometer.xpr
update_compile_order -fileset sim_1
close_project
open_project C:/Users/remi_cellard/Vivado_Projects/chronometer/chronometer.xpr
reset_run synth_2
launch_runs synth_2
wait_on_run synth_2
open_run synth_2 -name synth_2
reset_run synth_2
launch_runs synth_2
wait_on_run synth_2
close_design
open_run synth_2 -name synth_2
close_project
open_project C:/Users/remi_cellard/Vivado_Projects/fpga_chronometer/fpga_chronometer.xpr
update_compile_order -fileset sim_1
launch_runs synth_1
wait_on_run synth_1
open_run synth_1 -name synth_1
reset_run synth_1
launch_runs synth_1
wait_on_run synth_1
reset_run impl_1
launch_runs impl_1 -to_step write_bitstream
wait_on_run impl_1
reset_run synth_1
launch_runs synth_1
wait_on_run synth_1
reset_run impl_1
launch_runs impl_1 -to_step write_bitstream
wait_on_run impl_1
reset_run synth_1
launch_runs synth_1
wait_on_run synth_1
reset_run synth_1
launch_runs synth_1
wait_on_run synth_1
reset_run impl_1
launch_runs impl_1 -to_step write_bitstream
wait_on_run impl_1
reset_run synth_1
launch_runs synth_1
wait_on_run synth_1
reset_run synth_1
launch_runs synth_1
wait_on_run synth_1
close_design
open_run synth_1 -name synth_1
reset_run synth_1
launch_runs impl_1 -to_step write_bitstream
wait_on_run impl_1
reset_run synth_1
launch_runs impl_1 -to_step write_bitstream
wait_on_run impl_1
reset_run synth_1
launch_runs synth_1
wait_on_run synth_1
reset_run impl_1
launch_runs impl_1 -to_step write_bitstream
wait_on_run impl_1
